TAP version 13
# Subtest: accepts a fully bound campaign
ok 1 - accepts a fully bound campaign
  ---
  duration_ms: 84.1546
  type: 'test'
  ...
# Subtest: rejects an envelope that omits one required payload hash
ok 2 - rejects an envelope that omits one required payload hash
  ---
  duration_ms: 69.5806
  type: 'test'
  ...
# Subtest: rejects a changed spec instead of merely proving it exists
ok 3 - rejects a changed spec instead of merely proving it exists
  ---
  duration_ms: 69.1727
  type: 'test'
  ...
# Subtest: rejects missing or reordered ledger states
ok 4 - rejects missing or reordered ledger states
  ---
  duration_ms: 72.7911
  type: 'test'
  ...
# Subtest: rejects raw evidence that is not hash-bound by the envelope
ok 5 - rejects raw evidence that is not hash-bound by the envelope
  ---
  duration_ms: 70.5137
  type: 'test'
  ...
# Subtest: rejects a report whose bound claims are stale
ok 6 - rejects a report whose bound claims are stale
  ---
  duration_ms: 74.6028
  type: 'test'
  ...
# Subtest: Full Game Run - Happy Path (No upgrade, no penalty)
ok 7 - Full Game Run - Happy Path (No upgrade, no penalty)
  ---
  duration_ms: 1.1615
  type: 'test'
  ...
# Subtest: Full Game Run - Upgrade Route (Buy Coffee upgrade, RECOVER to 3000 stars)
ok 8 - Full Game Run - Upgrade Route (Buy Coffee upgrade, RECOVER to 3000 stars)
  ---
  duration_ms: 0.2163
  type: 'test'
  ...
# Subtest: Full Game Run - Penalty Route (Accept AI Penalty -500★, RECOVER to 3000 stars)
ok 9 - Full Game Run - Penalty Route (Accept AI Penalty -500★, RECOVER to 3000 stars)
  ---
  duration_ms: 0.8343
  type: 'test'
  ...
# Subtest: Core State Engine - Initial State Defaults
ok 10 - Core State Engine - Initial State Defaults
  ---
  duration_ms: 1.1807
  type: 'test'
  ...
# Subtest: Core State Engine - Produce Action 15:1 Ratio Contract
ok 11 - Core State Engine - Produce Action 15:1 Ratio Contract
  ---
  duration_ms: 0.3958
  type: 'test'
  ...
# Subtest: Core State Engine - Fixed 500 Star Penalty Bounds
ok 12 - Core State Engine - Fixed 500 Star Penalty Bounds
  ---
  duration_ms: 0.1743
  type: 'test'
  ...
# Subtest: Core State Engine - Upgrade Cap +8 & Slot Max 2
ok 13 - Core State Engine - Upgrade Cap +8 & Slot Max 2
  ---
  duration_ms: 0.3096
  type: 'test'
  ...
# Subtest: Core State Engine - Recovery Mode Entry & Exit
ok 14 - Core State Engine - Recovery Mode Entry & Exit
  ---
  duration_ms: 0.2075
  type: 'test'
  ...
# Subtest: AI Intrusion Guards - Single Intrusion Active & Production Blocked
ok 15 - AI Intrusion Guards - Single Intrusion Active & Production Blocked
  ---
  duration_ms: 1.6086
  type: 'test'
  ...
# Subtest: AI Intrusion Guards - Single Ending Execution Lock
ok 16 - AI Intrusion Guards - Single Ending Execution Lock
  ---
  duration_ms: 0.1518
  type: 'test'
  ...
# Subtest: Puzzle Content Registry - Fair SRE Diagnostics for WiFi
ok 17 - Puzzle Content Registry - Fair SRE Diagnostics for WiFi
  ---
  duration_ms: 1.9057
  type: 'test'
  ...
# Subtest: Puzzle Content Registry - Fair SRE Diagnostics for High CPU & SSH
ok 18 - Puzzle Content Registry - Fair SRE Diagnostics for High CPU & SSH
  ---
  duration_ms: 0.299
  type: 'test'
  ...
# Subtest: Remediation P0 - Defer ending on simultaneous intrusion at 200 units
ok 19 - Remediation P0 - Defer ending on simultaneous intrusion at 200 units
  ---
  duration_ms: 1.1333
  type: 'test'
  ...
# Subtest: Remediation P1 - Idempotent AI Penalty (Reject duplicate penalty when no intrusion)
ok 20 - Remediation P1 - Idempotent AI Penalty (Reject duplicate penalty when no intrusion)
  ---
  duration_ms: 0.2045
  type: 'test'
  ...
# Subtest: Remediation P1 - Reject negative tuna amounts
ok 21 - Remediation P1 - Reject negative tuna amounts
  ---
  duration_ms: 0.8012
  type: 'test'
  ...
# Subtest: Remediation P1 - Reject forged upgrade payloads
ok 22 - Remediation P1 - Reject forged upgrade payloads
  ---
  duration_ms: 0.2965
  type: 'test'
  ...
# Subtest: Remediation P1 - Threat Meter clamped at max 99
ok 23 - Remediation P1 - Threat Meter clamped at max 99
  ---
  duration_ms: 0.1927
  type: 'test'
  ...
# Subtest: CEO reject charges exactly 500 stars and clears only CEO intrusion
ok 24 - CEO reject charges exactly 500 stars and clears only CEO intrusion
  ---
  duration_ms: 0.1847
  type: 'test'
  ...
# Subtest: generic resolution never applies a hidden star penalty
ok 25 - generic resolution never applies a hidden star penalty
  ---
  duration_ms: 0.299
  type: 'test'
  ...
1..25
# tests 25
# suites 0
# pass 25
# fail 0
# cancelled 0
# skipped 0
# todo 0
# duration_ms 527.6679
